// Jest Snapshot v1, https://goo.gl/fbAQLP

exports[`dumb-logo should match snapshot 1`] = `
<dumb-logo
  class="hydrated"
>
  
  <a
    class="c-logo"
    rel="home"
  >
    <img
      class="c-logo__img"
    />
  </a>
</dumb-logo>
`;
