// Jest Snapshot v1, https://goo.gl/fbAQLP

exports[`dumb-text-passage should match snapshot 1`] = `
<dumb-text-passage
  class="hydrated"
>
  
  
  
  
  <div
    class="c-text-passage"
  >
    
    
        
    <p>
      A text passage contains arbitrary text that might come from a CMS. It should live within a container that caps the line length of the text to avoid a straining reading experience.
    </p>
          
      
  </div>
</dumb-text-passage>
`;
